// Jest Snapshot v1, https://goo.gl/fbAQLP

exports[`app/Home/Plans.page should match snapshot 1`] = `
Array [
  .c0 {
  height: 4rem;
  cursor: pointer;
}

<header
    className="MuiPaper-root MuiPaper-elevation MuiPaper-elevation4 MuiAppBar-root MuiAppBar-colorPrimary MuiAppBar-positionFixed mui-fixed css-zhueze-MuiPaper-root-MuiAppBar-root"
    data-testid="app-bar"
  >
    <div
      className="MuiToolbar-root MuiToolbar-gutters MuiToolbar-regular css-nb5wfo-MuiToolbar-root"
    >
      <a
        href="/"
        onClick={[Function]}
      >
        <img
          alt="logo"
          className="c0"
          src="\\"Logo.png\\""
        />
      </a>
      <button
        className="MuiButtonBase-root MuiIconButton-root MuiIconButton-sizeLarge css-mf1cb5-MuiButtonBase-root-MuiIconButton-root"
        data-testid="menuButton"
        disabled={false}
        onBlur={[Function]}
        onClick={[Function]}
        onContextMenu={[Function]}
        onDragLeave={[Function]}
        onFocus={[Function]}
        onKeyDown={[Function]}
        onKeyUp={[Function]}
        onMouseDown={[Function]}
        onMouseLeave={[Function]}
        onMouseUp={[Function]}
        onTouchEnd={[Function]}
        onTouchMove={[Function]}
        onTouchStart={[Function]}
        tabIndex={0}
        type="button"
      >
        <svg
          aria-hidden={true}
          className="MuiSvgIcon-root MuiSvgIcon-fontSizeMedium css-i4bv87-MuiSvgIcon-root"
          data-testid="MenuIcon"
          focusable="false"
          viewBox="0 0 24 24"
        >
          <path
            d="M3 18h18v-2H3v2zm0-5h18v-2H3v2zm0-7v2h18V6H3z"
          />
        </svg>
      </button>
    </div>
    <div
      className="MuiToolbar-root MuiToolbar-gutters MuiToolbar-regular css-mzps2i-MuiToolbar-root"
    >
      <a
        href="/"
        onClick={[Function]}
      >
        <img
          alt="logo desktop"
          className="c0"
          src="\\"Logo.svg\\""
        />
      </a>
      <button
        className="MuiButton-root MuiButton-contained MuiButton-containedWarning MuiButton-sizeMedium MuiButton-containedSizeMedium MuiButtonBase-root css-4umy8a-MuiButtonBase-root-MuiButton-root"
        disabled={false}
        onBlur={[Function]}
        onContextMenu={[Function]}
        onDragLeave={[Function]}
        onFocus={[Function]}
        onKeyDown={[Function]}
        onKeyUp={[Function]}
        onMouseDown={[Function]}
        onMouseLeave={[Function]}
        onMouseUp={[Function]}
        onTouchEnd={[Function]}
        onTouchMove={[Function]}
        onTouchStart={[Function]}
        tabIndex={0}
        type="button"
      >
        <p
          className="MuiTypography-root MuiTypography-body1 css-ahj2mt-MuiTypography-root"
        >
          Fale conosco!!
        </p>
      </button>
    </div>
  </header>,
  <div
    className="MuiBox-root css-1c9l5hu"
  />,
  <div>
    <h1>
      Conheça nosso planos de anúncio
    </h1>
    <h2>
      Escolha o que melhor se encaixa para você
    </h2>
    <div>
      <div
        style={
          Object {
            "zIndex": 0,
          }
        }
      >
        <div>
          <p
            className="text-lime-green"
          >
            Grátis
          </p>
          <p />
        </div>
        <div
          className="bg-lime-green"
        >
          <p>
            Básico
          </p>
          <ul>
            <li>
              <svg
                fill="currentColor"
                height="1em"
                stroke="currentColor"
                strokeWidth="0"
                style={
                  Object {
                    "color": undefined,
                  }
                }
                viewBox="0 0 24 24"
                width="1em"
                xmlns="http://www.w3.org/2000/svg"
              >
                <path
                  d="M9 16.17L4.83 12l-1.42 1.41L9 19 21 7l-1.41-1.41z"
                />
              </svg>
              <span>
                Duração de 7 dias
              </span>
            </li>
            <li>
              <svg
                fill="currentColor"
                height="1em"
                stroke="currentColor"
                strokeWidth="0"
                style={
                  Object {
                    "color": undefined,
                  }
                }
                viewBox="0 0 24 24"
                width="1em"
                xmlns="http://www.w3.org/2000/svg"
              >
                <path
                  d="M9 16.17L4.83 12l-1.42 1.41L9 19 21 7l-1.41-1.41z"
                />
              </svg>
              <span>
                Até 15 fotos
              </span>
            </li>
            <li>
              <svg
                fill="currentColor"
                height="1em"
                stroke="currentColor"
                strokeWidth="0"
                style={
                  Object {
                    "color": undefined,
                  }
                }
                viewBox="0 0 24 24"
                width="1em"
                xmlns="http://www.w3.org/2000/svg"
              >
                <path
                  d="M19 6.41L17.59 5 12 10.59 6.41 5 5 6.41 10.59 12 5 17.59 6.41 19 12 13.41 17.59 19 19 17.59 13.41 12z"
                />
              </svg>
              <span>
                Sem demarcação do imóvel no mapa
              </span>
            </li>
            <li>
              <svg
                fill="currentColor"
                height="1em"
                stroke="currentColor"
                strokeWidth="0"
                style={
                  Object {
                    "color": undefined,
                  }
                }
                viewBox="0 0 24 24"
                width="1em"
                xmlns="http://www.w3.org/2000/svg"
              >
                <path
                  d="M19 6.41L17.59 5 12 10.59 6.41 5 5 6.41 10.59 12 5 17.59 6.41 19 12 13.41 17.59 19 19 17.59 13.41 12z"
                />
              </svg>
              <span>
                Sem suporte
              </span>
            </li>
          </ul>
          <button
            className="text-lime-green"
            type="button"
          >
            Quero esse
          </button>
        </div>
      </div>
      <div
        style={
          Object {
            "zIndex": 500,
          }
        }
      >
        <div>
          <p
            className="text-yellow"
          >
            R$ 50
          </p>
          <p>
            por anúncio
          </p>
        </div>
        <div
          className="bg-yellow"
        >
          <p>
            PREMIUM
          </p>
          <ul>
            <li>
              <svg
                fill="currentColor"
                height="1em"
                stroke="currentColor"
                strokeWidth="0"
                style={
                  Object {
                    "color": undefined,
                  }
                }
                viewBox="0 0 24 24"
                width="1em"
                xmlns="http://www.w3.org/2000/svg"
              >
                <path
                  d="M9 16.17L4.83 12l-1.42 1.41L9 19 21 7l-1.41-1.41z"
                />
              </svg>
              <span>
                Duração do anúncio de 90 dias
              </span>
            </li>
            <li>
              <svg
                fill="currentColor"
                height="1em"
                stroke="currentColor"
                strokeWidth="0"
                style={
                  Object {
                    "color": undefined,
                  }
                }
                viewBox="0 0 24 24"
                width="1em"
                xmlns="http://www.w3.org/2000/svg"
              >
                <path
                  d="M9 16.17L4.83 12l-1.42 1.41L9 19 21 7l-1.41-1.41z"
                />
              </svg>
              <span>
                Visibilidade aumentada na plataforma
              </span>
            </li>
            <li>
              <svg
                fill="currentColor"
                height="1em"
                stroke="currentColor"
                strokeWidth="0"
                style={
                  Object {
                    "color": undefined,
                  }
                }
                viewBox="0 0 24 24"
                width="1em"
                xmlns="http://www.w3.org/2000/svg"
              >
                <path
                  d="M9 16.17L4.83 12l-1.42 1.41L9 19 21 7l-1.41-1.41z"
                />
              </svg>
              <span>
                Até 30 fotos e 1 vídeo
              </span>
            </li>
            <li>
              <svg
                fill="currentColor"
                height="1em"
                stroke="currentColor"
                strokeWidth="0"
                style={
                  Object {
                    "color": undefined,
                  }
                }
                viewBox="0 0 24 24"
                width="1em"
                xmlns="http://www.w3.org/2000/svg"
              >
                <path
                  d="M19 6.41L17.59 5 12 10.59 6.41 5 5 6.41 10.59 12 5 17.59 6.41 19 12 13.41 17.59 19 19 17.59 13.41 12z"
                />
              </svg>
              <span>
                Sem filmagens por drone nem tratamento de fotos
              </span>
            </li>
          </ul>
          <button
            className="text-yellow"
            type="button"
          >
            Quero esse
          </button>
        </div>
      </div>
      <div
        style={
          Object {
            "zIndex": 0,
          }
        }
      >
        <div>
          <p
            className="text-pink"
          >
            A definir
          </p>
          <p>
            Faça uma cotação com nossos especialistas
          </p>
        </div>
        <div
          className="bg-blue"
        >
          <p>
            Profissional
          </p>
          <ul>
            <li>
              <svg
                fill="currentColor"
                height="1em"
                stroke="currentColor"
                strokeWidth="0"
                style={
                  Object {
                    "color": undefined,
                  }
                }
                viewBox="0 0 24 24"
                width="1em"
                xmlns="http://www.w3.org/2000/svg"
              >
                <path
                  d="M9 16.17L4.83 12l-1.42 1.41L9 19 21 7l-1.41-1.41z"
                />
              </svg>
              <span>
                Duração de até 365 dias
              </span>
            </li>
            <li>
              <svg
                fill="currentColor"
                height="1em"
                stroke="currentColor"
                strokeWidth="0"
                style={
                  Object {
                    "color": undefined,
                  }
                }
                viewBox="0 0 24 24"
                width="1em"
                xmlns="http://www.w3.org/2000/svg"
              >
                <path
                  d="M9 16.17L4.83 12l-1.42 1.41L9 19 21 7l-1.41-1.41z"
                />
              </svg>
              <span>
                Maior visibilidade da plataforma
              </span>
            </li>
            <li>
              <svg
                fill="currentColor"
                height="1em"
                stroke="currentColor"
                strokeWidth="0"
                style={
                  Object {
                    "color": undefined,
                  }
                }
                viewBox="0 0 24 24"
                width="1em"
                xmlns="http://www.w3.org/2000/svg"
              >
                <path
                  d="M19 6.41L17.59 5 12 10.59 6.41 5 5 6.41 10.59 12 5 17.59 6.41 19 12 13.41 17.59 19 19 17.59 13.41 12z"
                />
              </svg>
              <span>
                Gravação da propriedade com drones e tratamento de imagens
              </span>
            </li>
            <li>
              <svg
                fill="currentColor"
                height="1em"
                stroke="currentColor"
                strokeWidth="0"
                style={
                  Object {
                    "color": undefined,
                  }
                }
                viewBox="0 0 24 24"
                width="1em"
                xmlns="http://www.w3.org/2000/svg"
              >
                <path
                  d="M19 6.41L17.59 5 12 10.59 6.41 5 5 6.41 10.59 12 5 17.59 6.41 19 12 13.41 17.59 19 19 17.59 13.41 12z"
                />
              </svg>
              <span>
                Suporte exclusivo
              </span>
            </li>
          </ul>
          <button
            className="text-pink"
            type="button"
          >
            Quero esse
          </button>
        </div>
      </div>
    </div>
    <div>
      <p>
        <b>
          Gratuito:
        </b>
         Recomendado para iniciantes, é uma ótima forma de testar a plataforma. Você pode testar a plataforma. Você pode criar um anúncio gratuíto da sua propriedade, com as informações gerais do imóvel, e dura 7 dias.
      </p>
      <p>
        <b>
          Premium:
        </b>
         Recomendado para quem já tem conteúdos da propriedade como fotos, detalhes do imóvel como tipo de solo, atividades, topografia. Ele custa R$ 50,00 e seu anúncio ganha mais visibilidade dentro da plataforma.
      </p>
      <p>
        <b>
          Proffissional:
        </b>
         Entre em contato conosco para conversarmos e conhecermos melhor o seu imóvel rural. Iremos até a propriedade, colheremos as informações mais importanjtes dela e faremos excelentes gravações explorando o imóvel através de dones de ponta. Essa é a maneira mais fácil de vender.
      </p>
    </div>
  </div>,
  <footer
    className="MuiBox-root css-108tvhz"
  >
    <hr
      className="MuiDivider-root MuiDivider-fullWidth css-tz2ti8-MuiDivider-root"
    />
    <div
      className="MuiBox-root css-zitybv"
    >
      <h3
        className="MuiTypography-root MuiTypography-h3 css-15anx50-MuiTypography-root"
      >
        Terrafinder
      </h3>
      <ul
        className="MuiList-root MuiList-padding css-12n6fjr-MuiList-root"
      >
        <h6
          className="MuiTypography-root MuiTypography-h6 css-xqtpgv-MuiTypography-root"
        >
          Institucional
        </h6>
        <li
          className="MuiListItem-root MuiListItem-gutters css-1nxmd3h-MuiListItem-root"
          disabled={false}
        >
          <div
            className="MuiListItemButton-root MuiListItemButton-gutters MuiButtonBase-root css-cvhtoe-MuiButtonBase-root-MuiListItemButton-root"
            data-testid="link-t1-l1"
            onBlur={[Function]}
            onClick={[Function]}
            onContextMenu={[Function]}
            onDragLeave={[Function]}
            onFocus={[Function]}
            onKeyDown={[Function]}
            onKeyUp={[Function]}
            onMouseDown={[Function]}
            onMouseLeave={[Function]}
            onMouseUp={[Function]}
            onTouchEnd={[Function]}
            onTouchMove={[Function]}
            onTouchStart={[Function]}
            role="button"
            tabIndex={0}
          >
            Página Inicial
          </div>
        </li>
        <li
          className="MuiListItem-root MuiListItem-gutters css-1nxmd3h-MuiListItem-root"
          disabled={false}
        >
          <div
            className="MuiListItemButton-root MuiListItemButton-gutters MuiButtonBase-root css-cvhtoe-MuiButtonBase-root-MuiListItemButton-root"
            data-testid="link-t1-l2"
            onBlur={[Function]}
            onClick={[Function]}
            onContextMenu={[Function]}
            onDragLeave={[Function]}
            onFocus={[Function]}
            onKeyDown={[Function]}
            onKeyUp={[Function]}
            onMouseDown={[Function]}
            onMouseLeave={[Function]}
            onMouseUp={[Function]}
            onTouchEnd={[Function]}
            onTouchMove={[Function]}
            onTouchStart={[Function]}
            role="button"
            tabIndex={0}
          >
            Quem somos
          </div>
        </li>
        <li
          className="MuiListItem-root MuiListItem-gutters css-1nxmd3h-MuiListItem-root"
          disabled={false}
        >
          <div
            className="MuiListItemButton-root MuiListItemButton-gutters MuiButtonBase-root css-cvhtoe-MuiButtonBase-root-MuiListItemButton-root"
            data-testid="link-t1-l3"
            onBlur={[Function]}
            onClick={[Function]}
            onContextMenu={[Function]}
            onDragLeave={[Function]}
            onFocus={[Function]}
            onKeyDown={[Function]}
            onKeyUp={[Function]}
            onMouseDown={[Function]}
            onMouseLeave={[Function]}
            onMouseUp={[Function]}
            onTouchEnd={[Function]}
            onTouchMove={[Function]}
            onTouchStart={[Function]}
            role="button"
            tabIndex={0}
          >
            Política de privacidade
          </div>
        </li>
        <li
          className="MuiListItem-root MuiListItem-gutters css-1nxmd3h-MuiListItem-root"
          disabled={false}
        >
          <div
            className="MuiListItemButton-root MuiListItemButton-gutters MuiButtonBase-root css-cvhtoe-MuiButtonBase-root-MuiListItemButton-root"
            data-testid="link-t1-l4"
            onBlur={[Function]}
            onClick={[Function]}
            onContextMenu={[Function]}
            onDragLeave={[Function]}
            onFocus={[Function]}
            onKeyDown={[Function]}
            onKeyUp={[Function]}
            onMouseDown={[Function]}
            onMouseLeave={[Function]}
            onMouseUp={[Function]}
            onTouchEnd={[Function]}
            onTouchMove={[Function]}
            onTouchStart={[Function]}
            role="button"
            tabIndex={0}
          >
            Fale Conosco
          </div>
        </li>
      </ul>
      <ul
        className="MuiList-root MuiList-padding css-12n6fjr-MuiList-root"
      >
        <h6
          className="MuiTypography-root MuiTypography-h6 css-xqtpgv-MuiTypography-root"
        >
          Funcionalidades
        </h6>
        <li
          className="MuiListItem-root MuiListItem-gutters css-1nxmd3h-MuiListItem-root"
          disabled={false}
        >
          <div
            className="MuiListItemButton-root MuiListItemButton-gutters MuiButtonBase-root css-cvhtoe-MuiButtonBase-root-MuiListItemButton-root"
            data-testid="link-t2-l1"
            onBlur={[Function]}
            onClick={[Function]}
            onContextMenu={[Function]}
            onDragLeave={[Function]}
            onFocus={[Function]}
            onKeyDown={[Function]}
            onKeyUp={[Function]}
            onMouseDown={[Function]}
            onMouseLeave={[Function]}
            onMouseUp={[Function]}
            onTouchEnd={[Function]}
            onTouchMove={[Function]}
            onTouchStart={[Function]}
            role="button"
            tabIndex={0}
          >
            Quero anunciar meu imóvel
          </div>
        </li>
        <li
          className="MuiListItem-root MuiListItem-gutters css-1nxmd3h-MuiListItem-root"
          disabled={false}
        >
          <div
            className="MuiListItemButton-root MuiListItemButton-gutters MuiButtonBase-root css-cvhtoe-MuiButtonBase-root-MuiListItemButton-root"
            data-testid="link-t2-l2"
            onBlur={[Function]}
            onClick={[Function]}
            onContextMenu={[Function]}
            onDragLeave={[Function]}
            onFocus={[Function]}
            onKeyDown={[Function]}
            onKeyUp={[Function]}
            onMouseDown={[Function]}
            onMouseLeave={[Function]}
            onMouseUp={[Function]}
            onTouchEnd={[Function]}
            onTouchMove={[Function]}
            onTouchStart={[Function]}
            role="button"
            tabIndex={0}
          >
            Quero comprar um imóvel
          </div>
        </li>
        <li
          className="MuiListItem-root MuiListItem-gutters css-1nxmd3h-MuiListItem-root"
          disabled={false}
        >
          <div
            className="MuiListItemButton-root MuiListItemButton-gutters MuiButtonBase-root css-cvhtoe-MuiButtonBase-root-MuiListItemButton-root"
            data-testid="link-t2-l3"
            onBlur={[Function]}
            onClick={[Function]}
            onContextMenu={[Function]}
            onDragLeave={[Function]}
            onFocus={[Function]}
            onKeyDown={[Function]}
            onKeyUp={[Function]}
            onMouseDown={[Function]}
            onMouseLeave={[Function]}
            onMouseUp={[Function]}
            onTouchEnd={[Function]}
            onTouchMove={[Function]}
            onTouchStart={[Function]}
            role="button"
            tabIndex={0}
          >
            Preços e planos
          </div>
        </li>
      </ul>
      <h6
        className="MuiTypography-root MuiTypography-h6 css-xqtpgv-MuiTypography-root"
      >
        Fique por dentro das novidades!
      </h6>
      <p
        className="MuiTypography-root MuiTypography-body1 css-15wu8wo-MuiTypography-root"
      >
        Se inscreva em nossa newsletter para receber os anúncios com os melhores preços!
      </p>
      <form
        className="MuiPaper-root MuiPaper-elevation MuiPaper-rounded MuiPaper-elevation1 css-np4jd-MuiPaper-root"
        noValidate={true}
        onSubmit={[Function]}
      >
        <div
          className="MuiInputBase-root MuiInputBase-colorPrimary MuiInputBase-fullWidth css-13bnupw-MuiInputBase-root"
          onClick={[Function]}
        >
          <input
            aria-invalid={false}
            className="MuiInputBase-input css-yz9k0d-MuiInputBase-input"
            data-testid="emailInput"
            inputMode="email"
            onAnimationStart={[Function]}
            onBlur={[Function]}
            onChange={[Function]}
            onFocus={[Function]}
            placeholder="Informe seu e-mail aqui"
            type="text"
            value=""
          />
        </div>
        <button
          className="MuiButton-root MuiButton-contained MuiButton-containedSuccess MuiButton-sizeMedium MuiButton-containedSizeMedium MuiButtonBase-root css-1h0hyhf-MuiButtonBase-root-MuiButton-root"
          data-testid="registerEmail"
          disabled={false}
          onBlur={[Function]}
          onClick={[Function]}
          onContextMenu={[Function]}
          onDragLeave={[Function]}
          onFocus={[Function]}
          onKeyDown={[Function]}
          onKeyUp={[Function]}
          onMouseDown={[Function]}
          onMouseLeave={[Function]}
          onMouseUp={[Function]}
          onTouchEnd={[Function]}
          onTouchMove={[Function]}
          onTouchStart={[Function]}
          tabIndex={0}
          type="button"
        >
          Cadastrar
        </button>
      </form>
    </div>
    <hr
      className="MuiDivider-root MuiDivider-fullWidth css-tz2ti8-MuiDivider-root"
    />
    <h6
      className="MuiTypography-root MuiTypography-subtitle2 css-qwq8wp-MuiTypography-root"
    >
      Copyright C 2020 Terrafinder. Todos os direitos reservados.
    </h6>
  </footer>,
]
`;
