// Jest Snapshot v1, https://goo.gl/fbAQLP

exports[`app/Home/Plans.page should match snapshot 1`] = `
Array [
  .c0 {
  height: 4rem;
  cursor: pointer;
}

<header
    className="MuiPaper-root MuiPaper-elevation MuiPaper-elevation4 MuiAppBar-root MuiAppBar-colorPrimary MuiAppBar-positionFixed mui-fixed css-zhueze-MuiPaper-root-MuiAppBar-root"
    data-testid="app-bar"
  >
    <div
      className="MuiToolbar-root MuiToolbar-gutters MuiToolbar-regular css-nb5wfo-MuiToolbar-root"
    >
      <a
        href="/"
        onClick={[Function]}
      >
        <img
          alt="logo"
          className="c0"
          src="\\"Logo.png\\""
        />
      </a>
      <button
        className="MuiButtonBase-root MuiIconButton-root MuiIconButton-sizeLarge css-mf1cb5-MuiButtonBase-root-MuiIconButton-root"
        data-testid="menuButton"
        disabled={false}
        onBlur={[Function]}
        onClick={[Function]}
        onContextMenu={[Function]}
        onDragLeave={[Function]}
        onFocus={[Function]}
        onKeyDown={[Function]}
        onKeyUp={[Function]}
        onMouseDown={[Function]}
        onMouseLeave={[Function]}
        onMouseUp={[Function]}
        onTouchEnd={[Function]}
        onTouchMove={[Function]}
        onTouchStart={[Function]}
        tabIndex={0}
        type="button"
      >
        <svg
          aria-hidden={true}
          className="MuiSvgIcon-root MuiSvgIcon-fontSizeMedium css-i4bv87-MuiSvgIcon-root"
          data-testid="MenuIcon"
          focusable="false"
          viewBox="0 0 24 24"
        >
          <path
            d="M3 18h18v-2H3v2zm0-5h18v-2H3v2zm0-7v2h18V6H3z"
          />
        </svg>
      </button>
    </div>
    <div
      className="MuiToolbar-root MuiToolbar-gutters MuiToolbar-regular css-mzps2i-MuiToolbar-root"
    >
      <a
        href="/"
        onClick={[Function]}
      >
        <img
          alt="logo desktop"
          className="c0"
          src="\\"Logo.svg\\""
        />
      </a>
      <button
        className="MuiButton-root MuiButton-contained MuiButton-containedWarning MuiButton-sizeMedium MuiButton-containedSizeMedium MuiButtonBase-root css-4umy8a-MuiButtonBase-root-MuiButton-root"
        disabled={false}
        onBlur={[Function]}
        onContextMenu={[Function]}
        onDragLeave={[Function]}
        onFocus={[Function]}
        onKeyDown={[Function]}
        onKeyUp={[Function]}
        onMouseDown={[Function]}
        onMouseLeave={[Function]}
        onMouseUp={[Function]}
        onTouchEnd={[Function]}
        onTouchMove={[Function]}
        onTouchStart={[Function]}
        tabIndex={0}
        type="button"
      >
        <p
          className="MuiTypography-root MuiTypography-body1 css-ahj2mt-MuiTypography-root"
        >
          Fale conosco!!
        </p>
      </button>
    </div>
  </header>,
  <div
    className="MuiBox-root css-1c9l5hu"
  />,
  <div
    className="MuiBox-root css-uwkh73"
  >
    <h4
      className="MuiTypography-root MuiTypography-h4 css-10ultvr-MuiTypography-root"
    >
      Conheça nossos planos de anúncio
    </h4>
    <h5
      className="MuiTypography-root MuiTypography-h5 css-i7xlex-MuiTypography-root"
    >
      Escolha o que melhor se encaixa para você
    </h5>
    <div
      className="MuiBox-root css-hqsvoc"
    >
      <div
        className="MuiPaper-root MuiPaper-elevation MuiPaper-rounded MuiPaper-elevation1 MuiCard-root css-9ww2aq-MuiPaper-root-MuiCard-root"
      >
        <div
          className="MuiBox-root css-1q82e8"
        >
          <p
            className="MuiTypography-root MuiTypography-h3 css-gepadz-MuiTypography-root"
          >
            Grátis
          </p>
          <p
            className="MuiTypography-root MuiTypography-body2 css-1py0gvv-MuiTypography-root"
          />
        </div>
        <div
          className="MuiCardContent-root css-6z18u9-MuiCardContent-root"
        >
          <p
            className="MuiTypography-root MuiTypography-h5 css-ag7rrr-MuiTypography-root"
          >
            Básico
          </p>
          <ul
            className="MuiList-root MuiList-padding css-1vsvtj8-MuiList-root"
          >
            <li
              className="MuiListItem-root MuiListItem-gutters css-1nxmd3h-MuiListItem-root"
              disabled={false}
            >
              <div
                className="MuiListItemIcon-root css-cveggr-MuiListItemIcon-root"
              >
                <svg
                  aria-hidden={true}
                  className="MuiSvgIcon-root MuiSvgIcon-fontSizeMedium css-1w3q91v-MuiSvgIcon-root"
                  data-testid="CheckIcon"
                  focusable="false"
                  viewBox="0 0 24 24"
                >
                  <path
                    d="M9 16.17 4.83 12l-1.42 1.41L9 19 21 7l-1.41-1.41z"
                  />
                </svg>
              </div>
              <div
                className="MuiListItemText-root css-tlelie-MuiListItemText-root"
              >
                <p
                  className="MuiTypography-root MuiTypography-body2 css-e784if-MuiTypography-root"
                >
                  Duração de 7 dias
                </p>
              </div>
            </li>
            <li
              className="MuiListItem-root MuiListItem-gutters css-1nxmd3h-MuiListItem-root"
              disabled={false}
            >
              <div
                className="MuiListItemIcon-root css-cveggr-MuiListItemIcon-root"
              >
                <svg
                  aria-hidden={true}
                  className="MuiSvgIcon-root MuiSvgIcon-fontSizeMedium css-1w3q91v-MuiSvgIcon-root"
                  data-testid="CheckIcon"
                  focusable="false"
                  viewBox="0 0 24 24"
                >
                  <path
                    d="M9 16.17 4.83 12l-1.42 1.41L9 19 21 7l-1.41-1.41z"
                  />
                </svg>
              </div>
              <div
                className="MuiListItemText-root css-tlelie-MuiListItemText-root"
              >
                <p
                  className="MuiTypography-root MuiTypography-body2 css-e784if-MuiTypography-root"
                >
                  Até 15 fotos
                </p>
              </div>
            </li>
            <li
              className="MuiListItem-root MuiListItem-gutters css-1nxmd3h-MuiListItem-root"
              disabled={false}
            >
              <div
                className="MuiListItemIcon-root css-cveggr-MuiListItemIcon-root"
              >
                <svg
                  aria-hidden={true}
                  className="MuiSvgIcon-root MuiSvgIcon-fontSizeMedium css-1w3q91v-MuiSvgIcon-root"
                  data-testid="CloseIcon"
                  focusable="false"
                  viewBox="0 0 24 24"
                >
                  <path
                    d="M19 6.41 17.59 5 12 10.59 6.41 5 5 6.41 10.59 12 5 17.59 6.41 19 12 13.41 17.59 19 19 17.59 13.41 12z"
                  />
                </svg>
              </div>
              <div
                className="MuiListItemText-root css-tlelie-MuiListItemText-root"
              >
                <p
                  className="MuiTypography-root MuiTypography-body2 css-e784if-MuiTypography-root"
                >
                  Sem demarcação do imóvel no mapa
                </p>
              </div>
            </li>
            <li
              className="MuiListItem-root MuiListItem-gutters css-1nxmd3h-MuiListItem-root"
              disabled={false}
            >
              <div
                className="MuiListItemIcon-root css-cveggr-MuiListItemIcon-root"
              >
                <svg
                  aria-hidden={true}
                  className="MuiSvgIcon-root MuiSvgIcon-fontSizeMedium css-1w3q91v-MuiSvgIcon-root"
                  data-testid="CloseIcon"
                  focusable="false"
                  viewBox="0 0 24 24"
                >
                  <path
                    d="M19 6.41 17.59 5 12 10.59 6.41 5 5 6.41 10.59 12 5 17.59 6.41 19 12 13.41 17.59 19 19 17.59 13.41 12z"
                  />
                </svg>
              </div>
              <div
                className="MuiListItemText-root css-tlelie-MuiListItemText-root"
              >
                <p
                  className="MuiTypography-root MuiTypography-body2 css-e784if-MuiTypography-root"
                >
                  Sem suporte
                </p>
              </div>
            </li>
          </ul>
          <button
            className="MuiButton-root MuiButton-text MuiButton-textPrimary MuiButton-sizeMedium MuiButton-textSizeMedium MuiButtonBase-root css-3xtg2n-MuiButtonBase-root-MuiButton-root"
            data-testid="plan-button-p1"
            disabled={false}
            onBlur={[Function]}
            onContextMenu={[Function]}
            onDragLeave={[Function]}
            onFocus={[Function]}
            onKeyDown={[Function]}
            onKeyUp={[Function]}
            onMouseDown={[Function]}
            onMouseLeave={[Function]}
            onMouseUp={[Function]}
            onTouchEnd={[Function]}
            onTouchMove={[Function]}
            onTouchStart={[Function]}
            tabIndex={0}
            type="button"
          >
            Quero esse
          </button>
        </div>
      </div>
      <div
        className="MuiPaper-root MuiPaper-elevation MuiPaper-rounded MuiPaper-elevation1 MuiCard-root css-1vtrsxw-MuiPaper-root-MuiCard-root"
      >
        <div
          className="MuiBox-root css-1enlqw"
        >
          <p
            className="MuiTypography-root MuiTypography-h3 css-gepadz-MuiTypography-root"
          >
            R$ 50
          </p>
          <p
            className="MuiTypography-root MuiTypography-body2 css-1py0gvv-MuiTypography-root"
          >
            por anúncio
          </p>
        </div>
        <div
          className="MuiCardContent-root css-trkami-MuiCardContent-root"
        >
          <p
            className="MuiTypography-root MuiTypography-h5 css-ag7rrr-MuiTypography-root"
          >
            PREMIUM
          </p>
          <ul
            className="MuiList-root MuiList-padding css-1vsvtj8-MuiList-root"
          >
            <li
              className="MuiListItem-root MuiListItem-gutters css-1nxmd3h-MuiListItem-root"
              disabled={false}
            >
              <div
                className="MuiListItemIcon-root css-cveggr-MuiListItemIcon-root"
              >
                <svg
                  aria-hidden={true}
                  className="MuiSvgIcon-root MuiSvgIcon-fontSizeMedium css-1w3q91v-MuiSvgIcon-root"
                  data-testid="CheckIcon"
                  focusable="false"
                  viewBox="0 0 24 24"
                >
                  <path
                    d="M9 16.17 4.83 12l-1.42 1.41L9 19 21 7l-1.41-1.41z"
                  />
                </svg>
              </div>
              <div
                className="MuiListItemText-root css-tlelie-MuiListItemText-root"
              >
                <p
                  className="MuiTypography-root MuiTypography-body2 css-e784if-MuiTypography-root"
                >
                  Duração do anúncio de 90 dias
                </p>
              </div>
            </li>
            <li
              className="MuiListItem-root MuiListItem-gutters css-1nxmd3h-MuiListItem-root"
              disabled={false}
            >
              <div
                className="MuiListItemIcon-root css-cveggr-MuiListItemIcon-root"
              >
                <svg
                  aria-hidden={true}
                  className="MuiSvgIcon-root MuiSvgIcon-fontSizeMedium css-1w3q91v-MuiSvgIcon-root"
                  data-testid="CheckIcon"
                  focusable="false"
                  viewBox="0 0 24 24"
                >
                  <path
                    d="M9 16.17 4.83 12l-1.42 1.41L9 19 21 7l-1.41-1.41z"
                  />
                </svg>
              </div>
              <div
                className="MuiListItemText-root css-tlelie-MuiListItemText-root"
              >
                <p
                  className="MuiTypography-root MuiTypography-body2 css-e784if-MuiTypography-root"
                >
                  Visibilidade aumentada na plataforma
                </p>
              </div>
            </li>
            <li
              className="MuiListItem-root MuiListItem-gutters css-1nxmd3h-MuiListItem-root"
              disabled={false}
            >
              <div
                className="MuiListItemIcon-root css-cveggr-MuiListItemIcon-root"
              >
                <svg
                  aria-hidden={true}
                  className="MuiSvgIcon-root MuiSvgIcon-fontSizeMedium css-1w3q91v-MuiSvgIcon-root"
                  data-testid="CheckIcon"
                  focusable="false"
                  viewBox="0 0 24 24"
                >
                  <path
                    d="M9 16.17 4.83 12l-1.42 1.41L9 19 21 7l-1.41-1.41z"
                  />
                </svg>
              </div>
              <div
                className="MuiListItemText-root css-tlelie-MuiListItemText-root"
              >
                <p
                  className="MuiTypography-root MuiTypography-body2 css-e784if-MuiTypography-root"
                >
                  Até 30 fotos e 1 vídeo
                </p>
              </div>
            </li>
            <li
              className="MuiListItem-root MuiListItem-gutters css-1nxmd3h-MuiListItem-root"
              disabled={false}
            >
              <div
                className="MuiListItemIcon-root css-cveggr-MuiListItemIcon-root"
              >
                <svg
                  aria-hidden={true}
                  className="MuiSvgIcon-root MuiSvgIcon-fontSizeMedium css-1w3q91v-MuiSvgIcon-root"
                  data-testid="CloseIcon"
                  focusable="false"
                  viewBox="0 0 24 24"
                >
                  <path
                    d="M19 6.41 17.59 5 12 10.59 6.41 5 5 6.41 10.59 12 5 17.59 6.41 19 12 13.41 17.59 19 19 17.59 13.41 12z"
                  />
                </svg>
              </div>
              <div
                className="MuiListItemText-root css-tlelie-MuiListItemText-root"
              >
                <p
                  className="MuiTypography-root MuiTypography-body2 css-e784if-MuiTypography-root"
                >
                  Sem filmagens por drone nem tratamento de fotos
                </p>
              </div>
            </li>
          </ul>
          <button
            className="MuiButton-root MuiButton-text MuiButton-textPrimary MuiButton-sizeMedium MuiButton-textSizeMedium MuiButtonBase-root css-z4v7o8-MuiButtonBase-root-MuiButton-root"
            data-testid="plan-button-p2"
            disabled={false}
            onBlur={[Function]}
            onContextMenu={[Function]}
            onDragLeave={[Function]}
            onFocus={[Function]}
            onKeyDown={[Function]}
            onKeyUp={[Function]}
            onMouseDown={[Function]}
            onMouseLeave={[Function]}
            onMouseUp={[Function]}
            onTouchEnd={[Function]}
            onTouchMove={[Function]}
            onTouchStart={[Function]}
            tabIndex={0}
            type="button"
          >
            Quero esse
          </button>
        </div>
      </div>
      <div
        className="MuiPaper-root MuiPaper-elevation MuiPaper-rounded MuiPaper-elevation1 MuiCard-root css-9ww2aq-MuiPaper-root-MuiCard-root"
      >
        <div
          className="MuiBox-root css-1q5hivw"
        >
          <p
            className="MuiTypography-root MuiTypography-h3 css-gepadz-MuiTypography-root"
          >
            A definir
          </p>
          <p
            className="MuiTypography-root MuiTypography-body2 css-1py0gvv-MuiTypography-root"
          >
            Faça uma cotação com nossos especialistas
          </p>
        </div>
        <div
          className="MuiCardContent-root css-fuewyq-MuiCardContent-root"
        >
          <p
            className="MuiTypography-root MuiTypography-h5 css-ag7rrr-MuiTypography-root"
          >
            Profissional
          </p>
          <ul
            className="MuiList-root MuiList-padding css-1vsvtj8-MuiList-root"
          >
            <li
              className="MuiListItem-root MuiListItem-gutters css-1nxmd3h-MuiListItem-root"
              disabled={false}
            >
              <div
                className="MuiListItemIcon-root css-cveggr-MuiListItemIcon-root"
              >
                <svg
                  aria-hidden={true}
                  className="MuiSvgIcon-root MuiSvgIcon-fontSizeMedium css-1w3q91v-MuiSvgIcon-root"
                  data-testid="CheckIcon"
                  focusable="false"
                  viewBox="0 0 24 24"
                >
                  <path
                    d="M9 16.17 4.83 12l-1.42 1.41L9 19 21 7l-1.41-1.41z"
                  />
                </svg>
              </div>
              <div
                className="MuiListItemText-root css-tlelie-MuiListItemText-root"
              >
                <p
                  className="MuiTypography-root MuiTypography-body2 css-e784if-MuiTypography-root"
                >
                  Duração de até 365 dias
                </p>
              </div>
            </li>
            <li
              className="MuiListItem-root MuiListItem-gutters css-1nxmd3h-MuiListItem-root"
              disabled={false}
            >
              <div
                className="MuiListItemIcon-root css-cveggr-MuiListItemIcon-root"
              >
                <svg
                  aria-hidden={true}
                  className="MuiSvgIcon-root MuiSvgIcon-fontSizeMedium css-1w3q91v-MuiSvgIcon-root"
                  data-testid="CheckIcon"
                  focusable="false"
                  viewBox="0 0 24 24"
                >
                  <path
                    d="M9 16.17 4.83 12l-1.42 1.41L9 19 21 7l-1.41-1.41z"
                  />
                </svg>
              </div>
              <div
                className="MuiListItemText-root css-tlelie-MuiListItemText-root"
              >
                <p
                  className="MuiTypography-root MuiTypography-body2 css-e784if-MuiTypography-root"
                >
                  Maior visibilidade da plataforma
                </p>
              </div>
            </li>
            <li
              className="MuiListItem-root MuiListItem-gutters css-1nxmd3h-MuiListItem-root"
              disabled={false}
            >
              <div
                className="MuiListItemIcon-root css-cveggr-MuiListItemIcon-root"
              >
                <svg
                  aria-hidden={true}
                  className="MuiSvgIcon-root MuiSvgIcon-fontSizeMedium css-1w3q91v-MuiSvgIcon-root"
                  data-testid="CheckIcon"
                  focusable="false"
                  viewBox="0 0 24 24"
                >
                  <path
                    d="M9 16.17 4.83 12l-1.42 1.41L9 19 21 7l-1.41-1.41z"
                  />
                </svg>
              </div>
              <div
                className="MuiListItemText-root css-tlelie-MuiListItemText-root"
              >
                <p
                  className="MuiTypography-root MuiTypography-body2 css-e784if-MuiTypography-root"
                >
                  Gravação da propriedade com drones e tratamento de imagens
                </p>
              </div>
            </li>
            <li
              className="MuiListItem-root MuiListItem-gutters css-1nxmd3h-MuiListItem-root"
              disabled={false}
            >
              <div
                className="MuiListItemIcon-root css-cveggr-MuiListItemIcon-root"
              >
                <svg
                  aria-hidden={true}
                  className="MuiSvgIcon-root MuiSvgIcon-fontSizeMedium css-1w3q91v-MuiSvgIcon-root"
                  data-testid="CheckIcon"
                  focusable="false"
                  viewBox="0 0 24 24"
                >
                  <path
                    d="M9 16.17 4.83 12l-1.42 1.41L9 19 21 7l-1.41-1.41z"
                  />
                </svg>
              </div>
              <div
                className="MuiListItemText-root css-tlelie-MuiListItemText-root"
              >
                <p
                  className="MuiTypography-root MuiTypography-body2 css-e784if-MuiTypography-root"
                >
                  Suporte exclusivo
                </p>
              </div>
            </li>
          </ul>
          <button
            className="MuiButton-root MuiButton-text MuiButton-textPrimary MuiButton-sizeMedium MuiButton-textSizeMedium MuiButtonBase-root css-1t7ftwz-MuiButtonBase-root-MuiButton-root"
            data-testid="plan-button-p3"
            disabled={false}
            onBlur={[Function]}
            onContextMenu={[Function]}
            onDragLeave={[Function]}
            onFocus={[Function]}
            onKeyDown={[Function]}
            onKeyUp={[Function]}
            onMouseDown={[Function]}
            onMouseLeave={[Function]}
            onMouseUp={[Function]}
            onTouchEnd={[Function]}
            onTouchMove={[Function]}
            onTouchStart={[Function]}
            tabIndex={0}
            type="button"
          >
            Quero esse
          </button>
        </div>
      </div>
    </div>
    <div
      className="MuiBox-root css-1s8uw1l"
    >
      <p
        className="MuiTypography-root MuiTypography-body1 css-1fyq76y-MuiTypography-root"
      >
        <b>
          Gratuito:
        </b>
         Recomendado para iniciantes, é uma ótima forma de testar a plataforma. Você pode testar a plataforma. Você pode criar um anúncio gratuíto da sua propriedade, com as informações gerais do imóvel, e dura 7 dias.
      </p>
      <p
        className="MuiTypography-root MuiTypography-body1 css-1fyq76y-MuiTypography-root"
      >
        <b>
          Premium:
        </b>
         Recomendado para quem já tem conteúdos da propriedade como fotos, detalhes do imóvel como tipo de solo, atividades, topografia. Ele custa R$ 50,00 e seu anúncio ganha mais visibilidade dentro da plataforma.
      </p>
      <p
        className="MuiTypography-root MuiTypography-body1 css-1fyq76y-MuiTypography-root"
      >
        <b>
          Profissional:
        </b>
         Entre em contato conosco para conversarmos e conhecermos melhor o seu imóvel rural. Iremos até a propriedade, colheremos as informações mais importanjtes dela e faremos excelentes gravações explorando o imóvel através de dones de ponta. Essa é a maneira mais fácil de vender.
      </p>
    </div>
  </div>,
  <footer
    className="MuiBox-root css-108tvhz"
  >
    <hr
      className="MuiDivider-root MuiDivider-fullWidth css-tz2ti8-MuiDivider-root"
    />
    <div
      className="MuiBox-root css-1tzh91j"
    >
      <div
        className="MuiBox-root css-1cobzap"
      >
        <h3
          className="MuiTypography-root MuiTypography-h3 css-15anx50-MuiTypography-root"
        >
          Terrafinder
        </h3>
      </div>
      <ul
        className="MuiList-root MuiList-padding css-12n6fjr-MuiList-root"
      >
        <h6
          className="MuiTypography-root MuiTypography-h6 css-xqtpgv-MuiTypography-root"
        >
          Institucional
        </h6>
        <li
          className="MuiListItem-root MuiListItem-gutters css-1nxmd3h-MuiListItem-root"
          disabled={false}
        >
          <div
            className="MuiListItemButton-root MuiListItemButton-gutters MuiButtonBase-root css-cvhtoe-MuiButtonBase-root-MuiListItemButton-root"
            data-testid="link-t1-l1"
            onBlur={[Function]}
            onClick={[Function]}
            onContextMenu={[Function]}
            onDragLeave={[Function]}
            onFocus={[Function]}
            onKeyDown={[Function]}
            onKeyUp={[Function]}
            onMouseDown={[Function]}
            onMouseLeave={[Function]}
            onMouseUp={[Function]}
            onTouchEnd={[Function]}
            onTouchMove={[Function]}
            onTouchStart={[Function]}
            role="button"
            tabIndex={0}
          >
            Página Inicial
          </div>
        </li>
        <li
          className="MuiListItem-root MuiListItem-gutters css-1nxmd3h-MuiListItem-root"
          disabled={false}
        >
          <div
            className="MuiListItemButton-root MuiListItemButton-gutters MuiButtonBase-root css-cvhtoe-MuiButtonBase-root-MuiListItemButton-root"
            data-testid="link-t1-l2"
            onBlur={[Function]}
            onClick={[Function]}
            onContextMenu={[Function]}
            onDragLeave={[Function]}
            onFocus={[Function]}
            onKeyDown={[Function]}
            onKeyUp={[Function]}
            onMouseDown={[Function]}
            onMouseLeave={[Function]}
            onMouseUp={[Function]}
            onTouchEnd={[Function]}
            onTouchMove={[Function]}
            onTouchStart={[Function]}
            role="button"
            tabIndex={0}
          >
            Quem somos
          </div>
        </li>
        <li
          className="MuiListItem-root MuiListItem-gutters css-1nxmd3h-MuiListItem-root"
          disabled={false}
        >
          <div
            className="MuiListItemButton-root MuiListItemButton-gutters MuiButtonBase-root css-cvhtoe-MuiButtonBase-root-MuiListItemButton-root"
            data-testid="link-t1-l3"
            onBlur={[Function]}
            onClick={[Function]}
            onContextMenu={[Function]}
            onDragLeave={[Function]}
            onFocus={[Function]}
            onKeyDown={[Function]}
            onKeyUp={[Function]}
            onMouseDown={[Function]}
            onMouseLeave={[Function]}
            onMouseUp={[Function]}
            onTouchEnd={[Function]}
            onTouchMove={[Function]}
            onTouchStart={[Function]}
            role="button"
            tabIndex={0}
          >
            Política de privacidade
          </div>
        </li>
        <li
          className="MuiListItem-root MuiListItem-gutters css-1nxmd3h-MuiListItem-root"
          disabled={false}
        >
          <div
            className="MuiListItemButton-root MuiListItemButton-gutters MuiButtonBase-root css-cvhtoe-MuiButtonBase-root-MuiListItemButton-root"
            data-testid="link-t1-l4"
            onBlur={[Function]}
            onClick={[Function]}
            onContextMenu={[Function]}
            onDragLeave={[Function]}
            onFocus={[Function]}
            onKeyDown={[Function]}
            onKeyUp={[Function]}
            onMouseDown={[Function]}
            onMouseLeave={[Function]}
            onMouseUp={[Function]}
            onTouchEnd={[Function]}
            onTouchMove={[Function]}
            onTouchStart={[Function]}
            role="button"
            tabIndex={0}
          >
            Fale Conosco
          </div>
        </li>
      </ul>
      <ul
        className="MuiList-root MuiList-padding css-12n6fjr-MuiList-root"
      >
        <h6
          className="MuiTypography-root MuiTypography-h6 css-xqtpgv-MuiTypography-root"
        >
          Funcionalidades
        </h6>
        <li
          className="MuiListItem-root MuiListItem-gutters css-1nxmd3h-MuiListItem-root"
          disabled={false}
        >
          <div
            className="MuiListItemButton-root MuiListItemButton-gutters MuiButtonBase-root css-cvhtoe-MuiButtonBase-root-MuiListItemButton-root"
            data-testid="link-t2-l1"
            onBlur={[Function]}
            onClick={[Function]}
            onContextMenu={[Function]}
            onDragLeave={[Function]}
            onFocus={[Function]}
            onKeyDown={[Function]}
            onKeyUp={[Function]}
            onMouseDown={[Function]}
            onMouseLeave={[Function]}
            onMouseUp={[Function]}
            onTouchEnd={[Function]}
            onTouchMove={[Function]}
            onTouchStart={[Function]}
            role="button"
            tabIndex={0}
          >
            Quero anunciar meu imóvel
          </div>
        </li>
        <li
          className="MuiListItem-root MuiListItem-gutters css-1nxmd3h-MuiListItem-root"
          disabled={false}
        >
          <div
            className="MuiListItemButton-root MuiListItemButton-gutters MuiButtonBase-root css-cvhtoe-MuiButtonBase-root-MuiListItemButton-root"
            data-testid="link-t2-l2"
            onBlur={[Function]}
            onClick={[Function]}
            onContextMenu={[Function]}
            onDragLeave={[Function]}
            onFocus={[Function]}
            onKeyDown={[Function]}
            onKeyUp={[Function]}
            onMouseDown={[Function]}
            onMouseLeave={[Function]}
            onMouseUp={[Function]}
            onTouchEnd={[Function]}
            onTouchMove={[Function]}
            onTouchStart={[Function]}
            role="button"
            tabIndex={0}
          >
            Quero comprar um imóvel
          </div>
        </li>
        <li
          className="MuiListItem-root MuiListItem-gutters css-1nxmd3h-MuiListItem-root"
          disabled={false}
        >
          <div
            className="MuiListItemButton-root MuiListItemButton-gutters MuiButtonBase-root css-cvhtoe-MuiButtonBase-root-MuiListItemButton-root"
            data-testid="link-t2-l3"
            onBlur={[Function]}
            onClick={[Function]}
            onContextMenu={[Function]}
            onDragLeave={[Function]}
            onFocus={[Function]}
            onKeyDown={[Function]}
            onKeyUp={[Function]}
            onMouseDown={[Function]}
            onMouseLeave={[Function]}
            onMouseUp={[Function]}
            onTouchEnd={[Function]}
            onTouchMove={[Function]}
            onTouchStart={[Function]}
            role="button"
            tabIndex={0}
          >
            Preços e planos
          </div>
        </li>
      </ul>
      <div
        className="MuiBox-root css-1inbg9r"
      >
        <h6
          className="MuiTypography-root MuiTypography-h6 css-xqtpgv-MuiTypography-root"
        >
          Fique por dentro das novidades!
        </h6>
        <p
          className="MuiTypography-root MuiTypography-body1 css-15wu8wo-MuiTypography-root"
        >
          Se inscreva em nossa newsletter para receber os anúncios com os melhores preços!
        </p>
        <form
          className="MuiPaper-root MuiPaper-elevation MuiPaper-rounded MuiPaper-elevation1 css-np4jd-MuiPaper-root"
          noValidate={true}
          onSubmit={[Function]}
        >
          <div
            className="MuiInputBase-root MuiInputBase-colorPrimary MuiInputBase-fullWidth css-13bnupw-MuiInputBase-root"
            onClick={[Function]}
          >
            <input
              aria-invalid={false}
              className="MuiInputBase-input css-yz9k0d-MuiInputBase-input"
              data-testid="emailInput"
              inputMode="email"
              onAnimationStart={[Function]}
              onBlur={[Function]}
              onChange={[Function]}
              onFocus={[Function]}
              placeholder="Informe seu e-mail aqui"
              type="text"
              value=""
            />
          </div>
          <button
            className="MuiButton-root MuiButton-contained MuiButton-containedSuccess MuiButton-sizeMedium MuiButton-containedSizeMedium MuiButtonBase-root css-1h0hyhf-MuiButtonBase-root-MuiButton-root"
            data-testid="registerEmail"
            disabled={false}
            onBlur={[Function]}
            onClick={[Function]}
            onContextMenu={[Function]}
            onDragLeave={[Function]}
            onFocus={[Function]}
            onKeyDown={[Function]}
            onKeyUp={[Function]}
            onMouseDown={[Function]}
            onMouseLeave={[Function]}
            onMouseUp={[Function]}
            onTouchEnd={[Function]}
            onTouchMove={[Function]}
            onTouchStart={[Function]}
            tabIndex={0}
            type="button"
          >
            Cadastrar
          </button>
        </form>
      </div>
    </div>
    <hr
      className="MuiDivider-root MuiDivider-fullWidth css-tz2ti8-MuiDivider-root"
    />
    <h6
      className="MuiTypography-root MuiTypography-subtitle2 css-qwq8wp-MuiTypography-root"
    >
      Copyright C 2020 Terrafinder. Todos os direitos reservados.
    </h6>
  </footer>,
]
`;
