// Jest Snapshot v1, https://goo.gl/fbAQLP

exports[`<UploadPhotos /> matches snapshot 1`] = `
<div>
  <h2>
    Imagens do Imóvel
  </h2>
  <div
    data-testid="dropZone"
    onDragLeave={[Function]}
    onDragOver={[Function]}
    onDrop={[Function]}
    style={
      Object {
        "opacity": 1,
      }
    }
  >
    <p>
      Faça o upload ou araste a imagem aqui
    </p>
    <input
      accept="image/png, image/jpg"
      data-testid="uploadInput"
      onChange={[Function]}
      type="file"
    />
    <button
      className="button"
      data-testid="uploadButton"
      onClick={[Function]}
      type="button"
    >
      Upload de Imagens
    </button>
    <span>
      JPG, JPEG, PNG
    </span>
    <div>
      <svg
        fill="currentColor"
        height={100}
        size={100}
        stroke="currentColor"
        strokeWidth="0"
        style={
          Object {
            "color": undefined,
          }
        }
        viewBox="0 0 24 24"
        width={100}
        xmlns="http://www.w3.org/2000/svg"
      >
        <path
          d="M19.35 10.04C18.67 6.59 15.64 4 12 4 9.11 4 6.6 5.64 5.35 8.04 2.34 8.36 0 10.91 0 14c0 3.31 2.69 6 6 6h13c2.76 0 5-2.24 5-5 0-2.64-2.05-4.78-4.65-4.96zM14 13v4h-4v-4H7l5-5 5 5h-3z"
        />
      </svg>
    </div>
    <div />
  </div>
  <div>
    <button
      data-testid="back"
      onClick={[Function]}
      type="button"
    >
      Voltar
    </button>
    <button
      className="button"
      data-testid="next"
      onClick={[Function]}
      type="button"
    >
      Fazer Upload
    </button>
  </div>
</div>
`;
