// Jest Snapshot v1, https://goo.gl/fbAQLP

exports[`app/CreateProperty/UploadPhotos matches snapshot 1`] = `
.c0 {
  cursor: pointer;
  text-align: center;
  font-family: Roboto;
  box-shadow: 0 0.2rem 0.6rem 0 rgba(0,0,0,0.7);
  padding: 0.75rem;
  border-radius: 0.25rem;
  background: #fff;
  color: #333;
}

.c1 {
  margin: 2rem 0;
  background: #eee;
  color: #4b4b4b;
}

<div>
  <div>
    <div>
      <h2>
        Imagens do Imóvel
      </h2>
      <div
        data-testid="dropZone"
        onDragLeave={[Function]}
        onDragOver={[Function]}
        onDrop={[Function]}
        style={
          Object {
            "opacity": 1,
          }
        }
      >
        <p>
          Faça o upload ou arraste a imagem aqui
        </p>
        <input
          accept="image/png, image/jpg"
          data-testid="uploadInput"
          onChange={[Function]}
          type="file"
        />
        <button
          className="c0 c1"
          data-testid="uploadButton"
          onClick={[Function]}
          type="button"
        >
          Upload de Imagens
        </button>
        <span>
          JPG, JPEG, PNG
        </span>
        <div>
          <svg
            fill="currentColor"
            height={100}
            size={100}
            stroke="currentColor"
            strokeWidth="0"
            style={
              Object {
                "color": undefined,
              }
            }
            viewBox="0 0 24 24"
            width={100}
            xmlns="http://www.w3.org/2000/svg"
          >
            <path
              d="M19.35 10.04C18.67 6.59 15.64 4 12 4 9.11 4 6.6 5.64 5.35 8.04 2.34 8.36 0 10.91 0 14c0 3.31 2.69 6 6 6h13c2.76 0 5-2.24 5-5 0-2.64-2.05-4.78-4.65-4.96zM14 13v4h-4v-4H7l5-5 5 5h-3z"
            />
          </svg>
        </div>
        <div />
      </div>
      <div
        className="MuiBox-root css-1795tmz"
      >
        <button
          className="MuiButton-root MuiButton-text MuiButton-textPrimary MuiButton-sizeMedium MuiButton-textSizeMedium MuiButtonBase-root css-1gxgiww-MuiButtonBase-root-MuiButton-root"
          data-testid="back"
          disabled={false}
          onBlur={[Function]}
          onClick={[Function]}
          onContextMenu={[Function]}
          onDragLeave={[Function]}
          onFocus={[Function]}
          onKeyDown={[Function]}
          onKeyUp={[Function]}
          onMouseDown={[Function]}
          onMouseLeave={[Function]}
          onMouseUp={[Function]}
          onTouchEnd={[Function]}
          onTouchMove={[Function]}
          onTouchStart={[Function]}
          tabIndex={0}
          type="button"
        >
          Enviar mais tarde
        </button>
        <button
          className="MuiButton-root MuiButton-contained MuiButton-containedPrimary MuiButton-sizeMedium MuiButton-containedSizeMedium MuiButtonBase-root css-18x86fu-MuiButtonBase-root-MuiButton-root"
          data-testid="next"
          disabled={false}
          onBlur={[Function]}
          onClick={[Function]}
          onContextMenu={[Function]}
          onDragLeave={[Function]}
          onFocus={[Function]}
          onKeyDown={[Function]}
          onKeyUp={[Function]}
          onMouseDown={[Function]}
          onMouseLeave={[Function]}
          onMouseUp={[Function]}
          onTouchEnd={[Function]}
          onTouchMove={[Function]}
          onTouchStart={[Function]}
          tabIndex={0}
          type="button"
        >
          Fazer Upload
        </button>
      </div>
    </div>
  </div>
  <div>
    <div>
      <div>
        <p>
          1
        </p>
        <div>
          <p>
            Escolha seu plano
          </p>
          <p>
            Explore as possibilidades dentro da plataforma
          </p>
        </div>
      </div>
      <div>
        <p>
          2
        </p>
        <div>
          <p>
            Informações básicas
          </p>
          <p>
            Nos fale um pouco mais sobre o seu imóvel
          </p>
        </div>
      </div>
      <div>
        <p>
          3
        </p>
        <div>
          <p>
            Informações Detalhadas
          </p>
          <p>
            Conte-nos mais detalhes sobre sua propriedade, para chamar mais a atenção
          </p>
        </div>
      </div>
      <div>
        <p>
          4
        </p>
        <div>
          <p>
            Conteúdos
          </p>
          <p>
            Você pode enviar imagens e vídeos da sua propriedade
          </p>
        </div>
      </div>
      <div>
        <p>
          5
        </p>
        <div>
          <p>
            Revisão
          </p>
          <p>
            Confirme o cadastro do seu anúncio
          </p>
        </div>
      </div>
    </div>
  </div>
</div>
`;
