// Jest Snapshot v1, https://goo.gl/fbAQLP

exports[`<MyAds /> matches snapshot 1`] = `
<div>
  <h1>
    Meus anúncios
  </h1>
  <button
    className="button"
    onClick={[Function]}
    type="button"
  >
    <svg
      fill="currentColor"
      height={22}
      size={22}
      stroke="currentColor"
      strokeWidth="0"
      style={
        Object {
          "color": undefined,
        }
      }
      viewBox="0 0 24 24"
      width={22}
      xmlns="http://www.w3.org/2000/svg"
    >
      <path
        d="M19 13h-6v6h-2v-6H5v-2h6V5h2v6h6v2z"
      />
    </svg>
    <p>
      Criar Anúncio
    </p>
  </button>
  <div />
</div>
`;
