// Jest Snapshot v1, https://goo.gl/fbAQLP

exports[`<Property /> matches snapshot 1`] = `
.c0 {
  cursor: pointer;
  text-align: center;
  font-family: Roboto;
  box-shadow: 0 0.2rem 0.6rem 0 rgba(0,0,0,0.7);
  padding: 0.75rem;
  border-radius: 0.25rem;
  background: #fff;
  color: #333;
}

<div>
  <div>
    <img
      alt="test"
      src=""
    />
    <div>
      <p>
        test
      </p>
      <p>
        This is a test
      </p>
    </div>
  </div>
  <button
    className="c0"
    data-testid="actionButton"
    onClick={[Function]}
    type="button"
  >
    <p>
      Go to test
    </p>
    <svg
      fill="currentColor"
      height="1em"
      stroke="currentColor"
      strokeWidth="0"
      style={
        Object {
          "color": undefined,
        }
      }
      viewBox="0 0 24 24"
      width="1em"
      xmlns="http://www.w3.org/2000/svg"
    >
      <path
        d="M12 4l-1.41 1.41L16.17 11H4v2h12.17l-5.58 5.59L12 20l8-8z"
      />
    </svg>
  </button>
</div>
`;
