// Jest Snapshot v1, https://goo.gl/fbAQLP

exports[`common/components/Filters matches snapshot 1`] = `
.c1 {
  cursor: pointer;
  text-align: center;
  font-family: Roboto;
  box-shadow: 0 0.2rem 0.6rem 0 rgba(0,0,0,0.7);
  padding: 0.75rem;
  border-radius: 0.25rem;
  background: #ffcb08;
  color: #fff;
}

.c0 {
  display: -webkit-box;
  display: -webkit-flex;
  display: -ms-flexbox;
  display: flex;
  -webkit-flex-direction: column;
  -ms-flex-direction: column;
  flex-direction: column;
  background: #fff;
  box-shadow: 0 0.2rem 0.6rem 0 rgba(0,0,0,0.7);
  width: 100%;
}

.c2 {
  font-size: 1rem;
  padding: 1.25rem;
}

<div
  className="c0"
  data-testid="filters"
>
  <div>
    <button
      data-testid="propertyKind"
      onClick={[Function]}
      type="button"
    >
      <p
        label="propertyKind"
      >
        Tipo de Propriedade
      </p>
      <div>
        <p
          data-testid="propertyKindValue"
        >
          Selecione...
        </p>
        <svg
          data-testid="arrowDropDown"
          fill="currentColor"
          height={22}
          size={22}
          stroke="currentColor"
          strokeWidth="0"
          style={
            Object {
              "color": undefined,
            }
          }
          viewBox="0 0 24 24"
          width={22}
          xmlns="http://www.w3.org/2000/svg"
        >
          <path
            d="M7 10l5 5 5-5z"
          />
        </svg>
      </div>
    </button>
  </div>
  <div>
    <button
      data-testid="propertySize"
      onClick={[Function]}
      type="button"
    >
      <p>
        Área do Imóvel
      </p>
      <div
        data-testid="propertySizeValue"
      >
        0 até 1
      </div>
    </button>
  </div>
  <div>
    <button
      data-testid="state"
      onClick={[Function]}
      type="button"
    >
      <p>
        Estado
      </p>
      <div>
        <p
          data-testid="stateValue"
        >
          Selecione...
        </p>
        <svg
          data-testid="arrowDropDown"
          fill="currentColor"
          height={22}
          size={22}
          stroke="currentColor"
          strokeWidth="0"
          style={
            Object {
              "color": undefined,
            }
          }
          viewBox="0 0 24 24"
          width={22}
          xmlns="http://www.w3.org/2000/svg"
        >
          <path
            d="M7 10l5 5 5-5z"
          />
        </svg>
      </div>
    </button>
  </div>
  <div>
    <button
      data-testid="amount"
      onClick={[Function]}
      type="button"
    >
      <p>
        Intervalo de Preço
      </p>
      <div
        data-testid="amountValue"
      >
        0 até 1
      </div>
    </button>
  </div>
  <button
    className="c1 c2"
    data-testid="submitButton"
    onClick={[Function]}
    type="button"
  >
    Procurar Imóvel
  </button>
</div>
`;
