// Jest Snapshot v1, https://goo.gl/fbAQLP

exports[`<Dashboard /> matches snapshot 1`] = `
.c0 {
  cursor: pointer;
  text-align: center;
  font-family: Roboto;
  box-shadow: 0 0.2rem 0.6rem 0 rgba(0,0,0,0.7);
  padding: 0.75rem;
  border-radius: 0.25rem;
  background: #62ac43;
  color: #fff;
}

.c1 {
  display: -webkit-box;
  display: -webkit-flex;
  display: -ms-flexbox;
  display: flex;
  margin: 1rem 0;
}

.c1 > p {
  margin-left: 1rem;
}

@media (min-width:768px) {
  .c1 {
    position: absolute;
    right: 2rem;
    top: 9rem;
  }
}

<div>
  <div>
    <div>
      <a
        href="/home"
        onClick={[Function]}
      >
        <img
          alt="logo"
          src="\\"Logo.png\\""
        />
      </a>
      <button
        data-testid="menuButton"
        onClick={[Function]}
        type="button"
      >
        <svg
          fill="currentColor"
          height="1em"
          stroke="currentColor"
          strokeWidth="0"
          style={
            Object {
              "color": undefined,
            }
          }
          viewBox="0 0 24 24"
          width="1em"
          xmlns="http://www.w3.org/2000/svg"
        >
          <path
            d="M3 18h18v-2H3v2zm0-5h18v-2H3v2zm0-7v2h18V6H3z"
          />
        </svg>
      </button>
      <a
        href="/home"
        onClick={[Function]}
      >
        <img
          alt="logo desktop"
          src="\\"Logo.svg\\""
        />
      </a>
      <p
        data-testid="greetings"
      >
        Olá, Tester
      </p>
      <button
        data-testid="logoutButton"
        onClick={[Function]}
        type="button"
      >
        Logout
      </button>
    </div>
  </div>
  <div>
    <h1>
      Meus anúncios
    </h1>
    <button
      className="c0 c1"
      data-testid="createProperty"
      onClick={[Function]}
      type="button"
    >
      <svg
        fill="currentColor"
        height={22}
        size={22}
        stroke="currentColor"
        strokeWidth="0"
        style={
          Object {
            "color": undefined,
          }
        }
        viewBox="0 0 24 24"
        width={22}
        xmlns="http://www.w3.org/2000/svg"
      >
        <path
          d="M19 13h-6v6h-2v-6H5v-2h6V5h2v6h6v2z"
        />
      </svg>
      <p>
        Criar Anúncio
      </p>
    </button>
    <div
      data-testid="propertyList"
    />
  </div>
  <footer>
    <hr />
    <div>
      <div>
        <p>
          Terrafinder
        </p>
      </div>
      <div>
        <p>
          Institucional
        </p>
        <ul>
          <li>
            <a
              href="/home"
              onClick={[Function]}
            >
              Página Inicial
            </a>
          </li>
          <li>
            <a
              href="/home/about"
              onClick={[Function]}
            >
              Quem somos
            </a>
          </li>
          <li>
            <a
              href="/home/privacy-policy"
              onClick={[Function]}
            >
              Política de privacidade
            </a>
          </li>
          <li>
            <a
              href="/home/support"
              onClick={[Function]}
            >
              Fale Conosco
            </a>
          </li>
        </ul>
      </div>
      <div>
        <p>
          Funcionalidades
        </p>
        <ul>
          <li>
            <a
              href="/login"
              onClick={[Function]}
            >
              Quero anunciar meu imóvel
            </a>
          </li>
          <li>
            <a
              href="/home/search-property"
              onClick={[Function]}
            >
              Quero comprar um imóvel
            </a>
          </li>
          <li>
            <a
              href="/home"
              onClick={[Function]}
            >
              Preços e planos
            </a>
          </li>
        </ul>
      </div>
      <div>
        <p>
          Fique por dentro das novidades!
        </p>
        <p>
          Se inscreva em nossa newsletter para receber os anúncios com os melhores preços!
        </p>
        <form>
          <input
            data-testid="emailInput"
            onChange={[Function]}
            placeholder="Endereço de email"
            type="email"
            value=""
          />
          <button
            data-testid="registerEmail"
            onClick={[Function]}
            type="button"
          >
            Cadastrar
          </button>
        </form>
      </div>
    </div>
    <hr />
    <p>
      Copyright C 2020 Terrafinder. Todos os direitos reservados.
    </p>
  </footer>
</div>
`;
